n_trials mono=100 chunk(b2048)=20  window=40s
  outer= 0 n_unique(mono/chunk)=65/14  mono=5.386/5.843/7.439 chunk=3.475/3.493/4.876 red=35.5/40.2/34.5%
  outer= 1 n_unique(mono/chunk)=64/15  mono=5.168/5.382/7.004 chunk=3.432/3.544/4.605 red=33.6/34.1/34.2%
  outer= 2 n_unique(mono/chunk)=63/9  mono=5.015/5.449/6.746 chunk=3.951/4.785/4.826 red=21.2/12.2/28.5%
  outer= 3 n_unique(mono/chunk)=60/13  mono=4.661/4.734/7.339 chunk=4.347/4.552/5.532 red=6.7/3.8/24.6%
  outer= 4 n_unique(mono/chunk)=67/13  mono=4.863/5.107/7.229 chunk=3.801/3.969/5.254 red=21.8/22.3/27.3%
  outer= 5 n_unique(mono/chunk)=66/12  mono=4.784/5.040/6.590 chunk=3.829/3.927/5.292 red=20.0/22.1/19.7%
  outer= 6 n_unique(mono/chunk)=64/13  mono=4.838/4.930/7.615 chunk=4.405/4.561/6.111 red=9.0/7.5/19.8%
  outer= 7 n_unique(mono/chunk)=62/15  mono=4.738/4.865/6.219 chunk=4.404/4.978/6.050 red=7.0/-2.3/2.7%
  outer= 8 n_unique(mono/chunk)=62/14  mono=4.603/4.717/6.795 chunk=3.899/4.496/5.768 red=15.3/4.7/15.1%
  outer= 9 n_unique(mono/chunk)=66/16  mono=5.122/5.319/7.564 chunk=3.640/3.843/5.027 red=28.9/27.8/33.5%
  outer=10 n_unique(mono/chunk)=63/15  mono=5.009/5.305/6.298 chunk=4.060/4.270/5.946 red=18.9/19.5/5.6%
  outer=11 n_unique(mono/chunk)=66/11  mono=4.896/4.995/6.638 chunk=3.819/3.925/5.755 red=22.0/21.4/13.3%
  outer=12 n_unique(mono/chunk)=60/12  mono=4.965/5.252/6.599 chunk=3.831/4.556/5.236 red=22.8/13.2/20.7%
  outer=13 n_unique(mono/chunk)=66/17  mono=5.014/5.181/6.506 chunk=3.852/4.091/5.163 red=23.2/21.0/20.6%
  outer=14 n_unique(mono/chunk)=67/13  mono=5.093/5.453/6.892 chunk=5.349/5.422/7.403 red=-5.0/0.6/-7.4%
  outer=15 n_unique(mono/chunk)=62/14  mono=5.269/5.529/6.886 chunk=4.334/4.900/6.161 red=17.7/11.4/10.5%
  outer=16 n_unique(mono/chunk)=67/11  mono=4.675/5.147/6.735 chunk=3.593/3.676/4.724 red=23.2/28.6/29.9%
  outer=17 n_unique(mono/chunk)=65/11  mono=5.133/5.216/6.370 chunk=3.423/3.470/4.586 red=33.3/33.5/28.0%
  outer=18 n_unique(mono/chunk)=67/13  mono=5.537/5.990/7.513 chunk=5.241/5.622/7.644 red=5.4/6.1/-1.7%
  outer=19 n_unique(mono/chunk)=65/12  mono=4.905/5.004/6.806 chunk=3.523/3.956/5.135 red=28.2/20.9/24.5%
  outer=20 n_unique(mono/chunk)=64/12  mono=4.838/4.962/5.992 chunk=3.673/3.908/5.228 red=24.1/21.2/12.8%
  outer=21 n_unique(mono/chunk)=62/12  mono=4.641/5.247/6.477 chunk=5.033/5.388/7.099 red=-8.4/-2.7/-9.6%
  outer=22 n_unique(mono/chunk)=68/13  mono=4.827/4.891/7.135 chunk=4.493/4.704/5.994 red=6.9/3.8/16.0%
  outer=23 n_unique(mono/chunk)=65/12  mono=4.847/5.131/7.118 chunk=5.293/5.687/6.934 red=-9.2/-10.8/2.6%
  outer=24 n_unique(mono/chunk)=60/14  mono=5.560/6.070/7.868 chunk=3.558/3.828/4.855 red=36.0/36.9/38.3%
  outer=25 n_unique(mono/chunk)=68/11  mono=4.989/5.006/6.586 chunk=3.796/3.991/5.264 red=23.9/20.3/20.1%
  outer=26 n_unique(mono/chunk)=60/12  mono=5.088/5.381/6.748 chunk=3.307/3.434/4.732 red=35.0/36.2/29.9%
  outer=27 n_unique(mono/chunk)=63/14  mono=4.691/4.978/6.427 chunk=4.438/4.511/5.718 red=5.4/9.4/11.0%
  outer=28 n_unique(mono/chunk)=70/11  mono=4.511/4.810/6.098 chunk=5.652/5.738/7.682 red=-25.3/-19.3/-26.0%
  outer=29 n_unique(mono/chunk)=69/10  mono=4.835/5.113/6.583 chunk=3.998/4.326/5.831 red=17.3/15.4/11.4%

=== b2048 vs mono: TWO-LEVEL nested bootstrap, mean +/- std across 30 outer replicates ===
     95%: reduction = 16.5% +/- 14.6%
     99%: reduction = 15.3% +/- 14.3%
   99.9%: reduction = 16.3% +/- 14.6%

     95%: mono R*=4.950+/-0.255  chunk(2048) R*=4.115+/-0.629 MW/min
     99%: mono R*=5.202+/-0.331  chunk(2048) R*=4.385+/-0.677 MW/min
   99.9%: mono R*=6.827+/-0.465  chunk(2048) R*=5.681+/-0.882 MW/min
